../Core/Src/main.c:77:5:main	48	static
../Core/Src/main.c:152:6:SystemClock_Config	72	static
../Core/Src/main.c:188:13:MX_I2C1_Init	8	static
../Core/Src/main.c:222:13:MX_TIM2_Init	48	static
../Core/Src/main.c:271:13:MX_GPIO_Init	24	static
../Core/Src/main.c:311:4:BNO055_I2C_bus_write	48	static
../Core/Src/main.c:343:4:BNO055_I2C_bus_read	48	static
../Core/Src/main.c:391:6:BNO055_delay_msek	16	static
../Core/Src/main.c:407:6:StartDefaultTask	56	static
../Core/Src/main.c:453:6:StartTask02	16	static
../Core/Src/main.c:472:6:HAL_TIM_PeriodElapsedCallback	16	static
../Core/Src/main.c:489:6:Error_Handler	4	static,ignoring_inline_asm
